[renva.netlify.app/index.html]
[backblue.gif]
[fade.gif]
[index.html]
[renva.netlify.app/feed.xml]
[renva.netlify.app/images/01.jpg]
[renva.netlify.app/images/logo.svg]
[renva.netlify.app/images/logo-dark.svg]
[renva.netlify.app/images/01-1.jpg]
[renva.netlify.app/projects/index.html]
[renva.netlify.app/blog/index.html]
[renva.netlify.app/contact/index.html]
[renva.netlify.app/about/index.html]
[renva.netlify.app/js/scripts.js]
[renva.netlify.app/project/listening-to-the-subtle-voices-of-the-wilderness/index.html]
[renva.netlify.app/project/celebrating-modern-legends-through-striking-poster-art/index.html]
[renva.netlify.app/elements/index.html]
[renva.netlify.app/js/common.js]
[renva.netlify.app/index.html]
[renva.netlify.app/project/using-art-with-a-purpose-to-influence-and-inform/index.html]
[renva.netlify.app/project/the-beauty-of-minimalism-in-modern-design/index.html]
[renva.netlify.app/project/how-the-fusion-of-art-and-technology-is-transforming/index.html]
[renva.netlify.app/images/logo.svg]
[renva.netlify.app/project/exploring-the-expressive-power-of-letters-in-design/index.html]
[renva.netlify.app/project/embracing-eco-conscious-creativity-for-a-greener-future/index.html]
[renva.netlify.app/images/logo-dark.svg]
[renva.netlify.app/project/visions-from-the-depths-of-the-mind-transformed-into-art/index.html]
[renva.netlify.app/tags/indexe8af.html]
[renva.netlify.app/blog/crafting-compelling-visual-narratives-through-artistic-expression/index.html]
[renva.netlify.app/projects/index.html]
[renva.netlify.app/blog/index.html]
[renva.netlify.app/blog/celebrating-cultural-diversity-and-its-impact-on-artistic-creativity/index.html]
[renva.netlify.app/blog/from-concept-to-completion-understanding-the-creative-process/index.html]
[renva.netlify.app/blog/the-importance-of-light-and-shadow-in-enhancing-art-and-design/index.html]
[renva.netlify.app/blog/the-role-of-typography-in-effective-visual-communication/index.html]
[renva.netlify.app/tags/index767b.html]
[renva.netlify.app/images/01-2.jpg]
[renva.netlify.app/images/01-3.jpg]
[renva.netlify.app/about/index.html]
[renva.netlify.app/blog/creating-emotional-connections-through-art-and-design-techniques/index.html]
[renva.netlify.app/blog/balancing-creativity-and-daily-life-for-a-fulfilling-lifestyle/index.html]
[renva.netlify.app/images/07.jpg]
[renva.netlify.app/contact/index.html]
[renva.netlify.app/images/15.jpg]
[renva.netlify.app/images/09-1.jpg]
[renva.netlify.app/images/03.jpg]
[renva.netlify.app/images/04.jpg]
[renva.netlify.app/images/05.jpg]
[renva.netlify.app/images/06.jpg]
[renva.netlify.app/images/08.jpg]
[renva.netlify.app/images/05-1.jpg]
[renva.netlify.app/elements/index.html]
[renva.netlify.app/images/project-1.jpg]
[renva.netlify.app/images/project-example-1.jpg]
[renva.netlify.app/images/project-example-2.jpg]
[renva.netlify.app/images/project-example-3.jpg]
[renva.netlify.app/images/project-example-4.jpg]
[renva.netlify.app/images/project-example-5.jpg]
[renva.netlify.app/project/celebrating-modern-legends-through-striking-poster-art/index.html]
[renva.netlify.app/images/project-2.jpg]
[renva.netlify.app/images/project-example-2-1.jpg]
[renva.netlify.app/images/project-example-2-2.jpg]
[renva.netlify.app/images/project-example-2-3.jpg]
[renva.netlify.app/project/listening-to-the-subtle-voices-of-the-wilderness/index.html]
[renva.netlify.app/images/project-3.jpg]
[renva.netlify.app/images/project-example-4-1.jpg]
[renva.netlify.app/project/using-art-with-a-purpose-to-influence-and-inform/index.html]
[renva.netlify.app/images/project-4.jpg]
[renva.netlify.app/images/project-example-4-2.jpg]
[renva.netlify.app/project/exploring-the-expressive-power-of-letters-in-design/index.html]
[renva.netlify.app/images/project-5.jpg]
[renva.netlify.app/project/how-the-fusion-of-art-and-technology-is-transforming/index.html]
[renva.netlify.app/images/project-6.jpg]
[renva.netlify.app/images/project-example-6-1.jpg]
[renva.netlify.app/images/project-example-6-2.jpg]
[renva.netlify.app/project/the-beauty-of-minimalism-in-modern-design/index.html]
[renva.netlify.app/images/project-7.jpg]
[renva.netlify.app/project/embracing-eco-conscious-creativity-for-a-greener-future/index.html]
[renva.netlify.app/images/project-8.jpg]
[renva.netlify.app/project/visions-from-the-depths-of-the-mind-transformed-into-art/index.html]
[renva.netlify.app/images/02.jpg]
[renva.netlify.app/images/02-1.jpg]
[renva.netlify.app/images/02-2.jpg]
[renva.netlify.app/images/02-3.jpg]
[renva.netlify.app/blog/crafting-compelling-visual-narratives-through-artistic-expression/index.html]
[renva.netlify.app/tags/indexe8af.html]
[renva.netlify.app/tags/index.html]
[renva.netlify.app/images/03-1.jpg]
[renva.netlify.app/blog/the-benefits-of-continuous-learning-and-study-for-artistic-growth/index.html]
[renva.netlify.app/blog/the-impact-of-lifestyle-choices-on-artistic-inspiration-and-creativity/index.html]
[renva.netlify.app/blog/designing-a-home-studio-that-reflects-your-lifestyle-and-boosts-productivity/index.html]
[renva.netlify.app/images/03-2.jpg]
[renva.netlify.app/blog/celebrating-cultural-diversity-and-its-impact-on-artistic-creativity/index.html]
[renva.netlify.app/images/04-1.jpg]
[renva.netlify.app/blog/from-concept-to-completion-understanding-the-creative-process/index.html]
[renva.netlify.app/blog/the-importance-of-light-and-shadow-in-enhancing-art-and-design/index.html]
[renva.netlify.app/images/06-1.jpg]
[renva.netlify.app/images/06-2.jpg]
[renva.netlify.app/blog/the-role-of-typography-in-effective-visual-communication/index.html]
[renva.netlify.app/tags/index767b.html]
[renva.netlify.app/images/09-2.jpg]
[renva.netlify.app/blog/creating-emotional-connections-through-art-and-design-techniques/index.html]
[renva.netlify.app/images/08-1.jpg]
[renva.netlify.app/blog/balancing-creativity-and-daily-life-for-a-fulfilling-lifestyle/index.html]
[renva.netlify.app/tags/index.html]
[renva.netlify.app/images/09.jpg]
[renva.netlify.app/blog/the-benefits-of-continuous-learning-and-study-for-artistic-growth/index.html]
[renva.netlify.app/images/10.jpg]
[renva.netlify.app/images/10-1.jpg]
[renva.netlify.app/blog/the-impact-of-lifestyle-choices-on-artistic-inspiration-and-creativity/index.html]
[renva.netlify.app/images/11.jpg]
[renva.netlify.app/images/11-1.jpg]
[renva.netlify.app/images/11-2.jpg]
[renva.netlify.app/blog/designing-a-home-studio-that-reflects-your-lifestyle-and-boosts-productivity/index.html]
